[web-factory.co.kr/index.html]
[www.googletagmanager.com/gtag/jse15e]
[backblue.gif]
[fade.gif]
[index.html]
[web-factory.co.kr/public/images/common/favicon.ico]
[maxcdn.bootstrapcdn.com/font-awesome/4.6.3/css/font-awesome.min.css]
[web-factory.co.kr/public/css/animate.css]
[web-factory.co.kr/public/css/base.css]
[web-factory.co.kr/public/css/layout.css]
[web-factory.co.kr/public/css/webfactory.css]
[web-factory.co.kr/public/css/webfactory2.css]
[web-factory.co.kr/public/jquery/fullpage/fullpage.min.css]
[code.jquery.com/jquery-latest.min.js]
[web-factory.co.kr/public/jquery/basic/common.js]
[web-factory.co.kr/public/jquery/basic/webfactory.js]
[web-factory.co.kr/public/jquery/basic/jquery.cycle.all.js]
[web-factory.co.kr/public/jquery/basic/jquery.easing.1.3.js]
[web-factory.co.kr/public/jquery/basic/jquery.slidy.min.js]
[web-factory.co.kr/public/jquery/basic/svg.js]
[web-factory.co.kr/public/jquery/fullpage/fullpage.continuousHorizontal.min.js]
[web-factory.co.kr/public/jquery/fullpage/fullpage.extensions.min.js]
[web-factory.co.kr/public/jquery/bootstrap/bootstrap.min.js]
[web-factory.co.kr/public/jquery/bootstrap/jquery.waypoints.min.js]
[web-factory.co.kr/public/jquery/bootstrap/jquery.stellar.min.js]
[web-factory.co.kr/public/jquery/bootstrap/main.js]
[web-factory.co.kr/public/jquery/menu/demo.css]
[web-factory.co.kr/public/jquery/menu/pater.css]
[web-factory.co.kr/about.html]
[web-factory.co.kr/project.html]
[web-factory.co.kr/contact.html]
[web-factory.co.kr/public/jquery/menu/demo.js]
[web-factory.co.kr/public/jquery/bootstrap/jquery.min.js]
[t1.daumcdn.net/adfit/static/kp.js]
[web-factory.co.kr/public/jquery/menu/easings.js]
[web-factory.co.kr/public/jquery/menu/demo3.js]
[cdnjs.cloudflare.com/ajax/libs/babel-standalone/6.26.0/babel.min.js]
[code.jquery.com/ui/1.12.1/themes/base/jquery-ui.css]
[web-factory.co.kr/public/jquery/fullpage/fullpage.scrollHorizontally.min.js]
[web-factory.co.kr/public/jquery/jelly/styles.css]
[code.jquery.com/ui/1.12.1/jquery-ui.js]
[web-factory.co.kr/public/jquery/jelly/promise.min.js]
[web-factory.co.kr/public/jquery/jelly/jelly.min.js]
[web-factory.co.kr/public/jquery/jelly/scripts.js]
[wcs.naver.net/wcslog.js]
[web-factory.co.kr/index.html]
[maxcdn.bootstrapcdn.com/font-awesome/4.6.3/css/font-awesome.min.css]
[web-factory.co.kr/public/css/animate.css]
[web-factory.co.kr/public/css/base.css]
[web-factory.co.kr/public/css/layout.css]
[web-factory.co.kr/public/css/webfactory.css]
[web-factory.co.kr/public/css/webfactory2.css]
[web-factory.co.kr/public/jquery/fullpage/fullpage.min.css]
[web-factory.co.kr/public/jquery/menu/demo.css]
[web-factory.co.kr/public/jquery/menu/pater.css]
[web-factory.co.kr/about.html]
[web-factory.co.kr/public/jquery/slick/slick.css]
[web-factory.co.kr/public/jquery/slick/slick-theme.css]
[web-factory.co.kr/public/jquery/sub/blobs/style.css]
[web-factory.co.kr/project/detail/ntcenm.html]
[web-factory.co.kr/public/images/project/ntcenm/ntcenm.jpg]
[web-factory.co.kr/project/detail/smid.html]
[web-factory.co.kr/public/images/project/smid.jpg]
[web-factory.co.kr/project/detail/mbcwedding.html]
[web-factory.co.kr/public/images/project/mbcwedding.jpg]
[web-factory.co.kr/public/jquery/slick/slick.js]
[web-factory.co.kr/project/detail/pkclubassociation.html]
[web-factory.co.kr/public/images/project/pkclubassociation/pkclubassociation.jpg]
[web-factory.co.kr/project/detail/ltoplan.html]
[web-factory.co.kr/public/images/project/ltoplan.jpg]
[web-factory.co.kr/project/detail/narafire.html]
[web-factory.co.kr/public/images/project/narafire/narafire.jpg]
[web-factory.co.kr/project/detail/series.html]
[web-factory.co.kr/public/images/project/series.jpg]
[web-factory.co.kr/project/detail/adstore.html]
[web-factory.co.kr/public/images/project/adstore.jpg]
[web-factory.co.kr/project/detail/jldessertbar.html]
[web-factory.co.kr/public/images/project/jldessertbar.jpg]
[web-factory.co.kr/project/list.html]
[web-factory.co.kr/project/portfolio.html]
[cdnjs.cloudflare.com/ajax/libs/stats.js/r16/Stats.js]
[web-factory.co.kr/public/jquery/sub/blobs/script.js]
[web-factory.co.kr/project.html]
[web-factory.co.kr/public/jquery/sub/circle/style.css]
[web-factory.co.kr/public/jquery/sub/circle/script.js]
[web-factory.co.kr/contact.html]
[code.jquery.com/ui/1.12.1/themes/base/images/ui-icons_444444_256x240.png]
[code.jquery.com/ui/1.12.1/themes/base/images/ui-icons_555555_256x240.png]
[code.jquery.com/ui/1.12.1/themes/base/images/ui-icons_ffffff_256x240.png]
[code.jquery.com/ui/1.12.1/themes/base/images/ui-icons_777620_256x240.png]
[code.jquery.com/ui/1.12.1/themes/base/images/ui-icons_cc0000_256x240.png]
[code.jquery.com/ui/1.12.1/themes/base/images/ui-icons_777777_256x240.png]
[code.jquery.com/ui/1.12.1/themes/base/jquery-ui.css]
[web-factory.co.kr/public/images/main/vs1.svg]
[web-factory.co.kr/public/images/main/vs1_0.svg]
[web-factory.co.kr/public/images/main/vs1_1.svg]
[web-factory.co.kr/public/images/main/vs1_2.svg]
[web-factory.co.kr/public/images/main/vs1_3.svg]
[web-factory.co.kr/public/images/main/vs1_4.svg]
[web-factory.co.kr/public/images/main/vs1_5.svg]
[web-factory.co.kr/public/images/main/vs2.svg]
[web-factory.co.kr/public/images/common/arrow1.svg]
[web-factory.co.kr/public/images/main/vs2_0.svg]
[web-factory.co.kr/public/images/main/vs2_1.svg]
[web-factory.co.kr/public/images/main/vs2_2.svg]
[web-factory.co.kr/public/images/main/vs2_3.svg]
[web-factory.co.kr/public/images/main/vs2_4.svg]
[web-factory.co.kr/public/images/main/vs2_5.svg]
[web-factory.co.kr/public/images/main/vs2_6.svg]
[web-factory.co.kr/public/images/main/vs3.svg]
[web-factory.co.kr/public/images/main/vs3_0.svg]
[web-factory.co.kr/public/images/main/vs3_1.svg]
[web-factory.co.kr/public/images/main/vs3_2.svg]
[web-factory.co.kr/public/images/main/vs3_3.svg]
[web-factory.co.kr/public/images/main/vs3_4.svg]
[web-factory.co.kr/public/images/main/vs3_5.svg]
[web-factory.co.kr/public/images/main/vs3_6.svg]
[web-factory.co.kr/public/images/main/vs4.svg]
[web-factory.co.kr/public/images/main/vs4_1.svg]
[web-factory.co.kr/public/images/main/vs4_0.svg]
[web-factory.co.kr/public/images/main/vs4_2.svg]
[web-factory.co.kr/public/images/main/vs4_3.svg]
[web-factory.co.kr/public/images/main/vs4_4.svg]
[web-factory.co.kr/public/images/main/vs4_5.svg]
[web-factory.co.kr/public/images/main/vs4_6.svg]
[web-factory.co.kr/public/images/main/vs5.svg]
[web-factory.co.kr/public/images/main/vs5_0.svg]
[web-factory.co.kr/public/images/main/vs5_1.svg]
[web-factory.co.kr/public/images/main/vs5_2.svg]
[web-factory.co.kr/public/images/main/vs5_3.svg]
[web-factory.co.kr/public/images/main/vs5_4.svg]
[web-factory.co.kr/public/images/main/vs5_5.svg]
[web-factory.co.kr/public/jquery/jelly/styles.css]
[web-factory.co.kr/public/images/common/cursor.svg]
[web-factory.co.kr/_public/images/board/bg_select.html]
[web-factory.co.kr/public/images/common/cursor_hover2.svg]
[web-factory.co.kr/public/images/common/scrolltop-bg.svg]
[web-factory.co.kr/public/images/sub/comma.svg]
[web-factory.co.kr/public/images/sub/icon_arrow2.svg]
[web-factory.co.kr/public/images/common/navi-circle1-on.svg]
[web-factory.co.kr/public/images/common/navi-circle1.svg]
[web-factory.co.kr/public/jquery/menu/hellosign.html]
[web-factory.co.kr/public/images/sub/icon_arrow1.svg]
[web-factory.co.kr/public/images/sub/svs1_0.svg]
[web-factory.co.kr/public/images/sub/svs1_0_m.svg]
[web-factory.co.kr/public/images/sub/svs1_1.svg]
[web-factory.co.kr/public/images/sub/svs1_1_m.svg]
[web-factory.co.kr/public/images/sub/svs1_2.svg]
[web-factory.co.kr/public/images/sub/svs1_2_m.svg]
[web-factory.co.kr/public/jquery/slick/slick.css]
[web-factory.co.kr/public/jquery/slick/slick-theme.css]
[web-factory.co.kr/public/jquery/sub/blobs/style.css]
[web-factory.co.kr/public/images/sub/svs2_0.svg]
[web-factory.co.kr/public/images/sub/svs2_0_m.svg]
[web-factory.co.kr/public/images/project/ntcenm/ntcenm_visual.jpg]
[web-factory.co.kr/public/images/project/ntcenm/ntcenm1.jpg]
[web-factory.co.kr/public/images/project/ntcenm/ntcenm2.jpg]
[web-factory.co.kr/public/images/project/ntcenm/ntcenm4.jpg]
[web-factory.co.kr/public/images/project/ntcenm/ntcenm5.jpg]
[web-factory.co.kr/project/detail/adstore-medical.html]
[web-factory.co.kr/public/images/project/adstore-medical.jpg]
[web-factory.co.kr/project/detail/ntcenm.html]
[web-factory.co.kr/public/images/project/smid/simd_visual.jpg]
[web-factory.co.kr/public/images/project/smid/smid1.jpg]
[web-factory.co.kr/public/images/project/smid/smid-logo.png]
[web-factory.co.kr/public/images/project/smid/smid2.jpg]
[web-factory.co.kr/public/images/project/smid/smid3.jpg]
[web-factory.co.kr/public/images/project/smid/smid4.jpg]
[web-factory.co.kr/public/images/project/smid/smid5.jpg]
[web-factory.co.kr/project/detail/smid.html]
[web-factory.co.kr/public/images/project/mbcwedding/mbcwedding_visual.jpg]
[web-factory.co.kr/public/images/project/mbcwedding/mbcwedding1.jpg]
[web-factory.co.kr/public/images/project/mbcwedding/mbcwedding2.jpg]
[web-factory.co.kr/public/images/project/mbcwedding/mbcwedding3.jpg]
[web-factory.co.kr/public/images/project/mbcwedding/mbcwedding4.jpg]
[web-factory.co.kr/project/detail/mbcwedding.html]
[web-factory.co.kr/public/images/project/pkclubassociation/pkclubassociation_visual.jpg]
[web-factory.co.kr/public/images/project/pkclubassociation/pkclubassociation1.jpg]
[web-factory.co.kr/public/images/project/pkclubassociation/pkclubassociation_logo.png]
[web-factory.co.kr/public/images/project/pkclubassociation/pkclubassociation2.jpg]
[web-factory.co.kr/public/images/project/pkclubassociation/pkclubassociation3.jpg]
[web-factory.co.kr/public/images/project/pkclubassociation/pkclubassociation4.jpg]
[web-factory.co.kr/project/detail/pkclubassociation.html]
[web-factory.co.kr/public/images/project/ltoplan/ltoplan_visual.jpg]
[web-factory.co.kr/public/images/project/ltoplan/ltoplan1.jpg]
[web-factory.co.kr/public/images/project/ltoplan/ltoplan2.jpg]
[web-factory.co.kr/public/images/project/ltoplan/ltoplan3.jpg]
[web-factory.co.kr/public/images/project/ltoplan/ltoplan4.jpg]
[web-factory.co.kr/public/images/project/ltoplan/ltoplan5.jpg]
[web-factory.co.kr/project/detail/ltoplan.html]
[web-factory.co.kr/public/images/project/narafire/narafire_visual.jpg]
[web-factory.co.kr/public/images/project/narafire/narafire1.jpg]
[web-factory.co.kr/public/images/project/narafire/narafire_logo.png]
[web-factory.co.kr/public/images/project/narafire/narafire2.jpg]
[web-factory.co.kr/public/images/project/narafire/narafire3.jpg]
[web-factory.co.kr/public/images/project/narafire/narafire4.jpg]
[web-factory.co.kr/public/images/project/narafire/narafire5.jpg]
[web-factory.co.kr/project/detail/narafire.html]
[web-factory.co.kr/public/images/project/series/series_visual.jpg]
[web-factory.co.kr/public/images/project/series/series1.jpg]
[web-factory.co.kr/public/images/project/series/series2.jpg]
[web-factory.co.kr/public/images/project/series/series3.jpg]
[web-factory.co.kr/public/images/project/series/series4.jpg]
[web-factory.co.kr/project/detail/series.html]
[web-factory.co.kr/public/images/project/adstore/adstore_visual.jpg]
[web-factory.co.kr/public/images/project/adstore/adstore1.jpg]
[web-factory.co.kr/public/images/project/adstore/adstore_logo.png]
[web-factory.co.kr/public/images/project/adstore/adstore2.jpg]
[web-factory.co.kr/public/images/project/adstore/adstore3.jpg]
[web-factory.co.kr/public/images/project/adstore/adstore4.jpg]
[web-factory.co.kr/public/images/project/adstore/adstore5.jpg]
[web-factory.co.kr/project/detail/adstore.html]
[web-factory.co.kr/public/images/project/jldessertbar/jldessertbar_visual.jpg]
[web-factory.co.kr/public/images/project/jldessertbar/jldessertbar1.jpg]
[web-factory.co.kr/public/images/project/jldessertbar/jldessertbar2.jpg]
[web-factory.co.kr/public/images/project/jldessertbar/jldessertbar3.jpg]
[web-factory.co.kr/public/images/project/jldessertbar/jldessertbar4.jpg]
[web-factory.co.kr/public/images/project/jldessertbar/jldessertbar5.jpg]
[web-factory.co.kr/project/detail/jldessertbar.html]
[web-factory.co.kr/public/jquery/grid/base.css]
[web-factory.co.kr/project/detail/denve.html]
[web-factory.co.kr/public/images/project/denve/denve.jpg]
[web-factory.co.kr/project/detail/lapelo.html]
[web-factory.co.kr/public/images/project/lapelo.jpg]
[web-factory.co.kr/project/detail/ghfire119.html]
[web-factory.co.kr/public/images/project/ghfire119.jpg]
[web-factory.co.kr/project/detail/halbuya.html]
[web-factory.co.kr/public/images/project/halbuya.jpg]
[web-factory.co.kr/project/detail/dancolee.html]
[web-factory.co.kr/public/images/project/dancolee.jpg]
[web-factory.co.kr/project/detail/klnetworks.html]
[web-factory.co.kr/public/images/project/klnetworks.jpg]
[web-factory.co.kr/public/jquery/grid/imagesloaded.pkgd.min.js]
[web-factory.co.kr/public/jquery/grid/TweenMax.min.js]
[web-factory.co.kr/public/jquery/grid/demo.js]
[web-factory.co.kr/project/list.html]
[web-factory.co.kr/public/images/common/arrow-up2.svg]
[web-factory.co.kr/views/project/output/css/portfolio.css]
[web-factory.co.kr/views/project/output/js/tab/jquery.tabslet.min.js]
[web-factory.co.kr/views/project/output/js/tab/initializers.js]
[web-factory.co.kr/views/project/output/js/svg.js]
[web-factory.co.kr/views/project/output/images/thumnail/knmm.jpg]
[web-factory.co.kr/project/view/knmm.html]
[web-factory.co.kr/views/project/output/images/thumnail/woongsang.jpg]
[web-factory.co.kr/project/view/woongsang.html]
[web-factory.co.kr/views/project/output/images/thumnail/samsal.jpg]
[web-factory.co.kr/project/view/samsal.html]
[web-factory.co.kr/views/project/output/images/thumnail/instacube.jpg]
[web-factory.co.kr/project/view/instacube.html]
[web-factory.co.kr/views/project/output/images/thumnail/sinki.jpg]
[web-factory.co.kr/project/view/sinki.html]
[web-factory.co.kr/views/project/output/images/thumnail/dongyang.jpg]
[web-factory.co.kr/project/view/dongyang.html]
[web-factory.co.kr/views/project/output/images/thumnail/jaeho.jpg]
[web-factory.co.kr/project/view/jaeho.html]
[web-factory.co.kr/views/project/output/images/thumnail/lawfirmjoo.jpg]
[web-factory.co.kr/project/view/lawfirmjoo.html]
[web-factory.co.kr/views/project/output/images/thumnail/dasom.jpg]
[web-factory.co.kr/project/view/dasom.html]
[web-factory.co.kr/views/project/output/images/thumnail/rohas.jpg]
[web-factory.co.kr/project/view/rohas.html]
[web-factory.co.kr/views/project/output/images/thumnail/artmalling.jpg]
[web-factory.co.kr/project/view/artmalling.html]
[web-factory.co.kr/views/project/output/images/thumnail/rencompany.jpg]
[web-factory.co.kr/project/view/rencompany.html]
[web-factory.co.kr/views/project/output/images/thumnail/moonbowl.jpg]
[web-factory.co.kr/project/view/moonbowl.html]
[web-factory.co.kr/views/project/output/images/thumnail/emeryville.jpg]
[web-factory.co.kr/project/view/emeryville.html]
[web-factory.co.kr/views/project/output/images/thumnail/moonhill.jpg]
[web-factory.co.kr/project/view/moonhill.html]
[web-factory.co.kr/views/project/output/images/thumnail/elyon.jpg]
[web-factory.co.kr/project/view/elyon.html]
[web-factory.co.kr/views/project/output/images/thumnail/ricaholdings.jpg]
[web-factory.co.kr/project/view/ricaholdings.html]
[web-factory.co.kr/views/project/output/images/thumnail/youngjin.jpg]
[web-factory.co.kr/project/view/youngjin.html]
[web-factory.co.kr/views/project/output/images/thumnail/eson.jpg]
[web-factory.co.kr/project/view/eson.html]
[web-factory.co.kr/views/project/output/images/thumnail/adcompany.jpg]
[web-factory.co.kr/project/view/adcompany.html]
[web-factory.co.kr/views/project/output/images/thumnail/yegacompany.jpg]
[web-factory.co.kr/project/view/yegacompany.html]
[web-factory.co.kr/views/project/output/images/thumnail/smartbrain.jpg]
[web-factory.co.kr/project/view/smartbrain.html]
[web-factory.co.kr/views/project/output/images/thumnail/couple.jpg]
[web-factory.co.kr/project/view/couple.html]
[web-factory.co.kr/views/project/output/images/thumnail/b2bjoinkorea.jpg]
[web-factory.co.kr/project/view/b2bjoinkorea.html]
[web-factory.co.kr/views/project/output/images/thumnail/365medical.jpg]
[web-factory.co.kr/project/view/365medical.html]
[web-factory.co.kr/views/project/output/images/thumnail/boowondeco.jpg]
[web-factory.co.kr/project/view/boowondeco.html]
[web-factory.co.kr/project/portfolio.html]
[web-factory.co.kr/public/jquery/sub/circle/style.css]
[web-factory.co.kr/public/images/sub/svs3_0.svg]
[web-factory.co.kr/public/images/sub/svs3_0_m.svg]
[web-factory.co.kr/public/images/sub/svs3_1.svg]
[web-factory.co.kr/public/images/sub/svs3_1_m.svg]
[web-factory.co.kr/_public/images/common/prev.html]
[web-factory.co.kr/_public/images/common/next.html]
[web-factory.co.kr/public/images/project/ntcenm/ntcenm_visual.jpg]
[web-factory.co.kr/public/images/common/arrow-up.svg]
[web-factory.co.kr/public/images/project/ntcenm/ntcenm1.jpg]
[web-factory.co.kr/public/images/project/ntcenm/ntcenm_logo.svg]
[web-factory.co.kr/public/images/project/ntcenm/ntcenm2.jpg]
[web-factory.co.kr/public/images/project/ntcenm/ntcenm3.svg]
[web-factory.co.kr/public/images/project/ntcenm/ntcenm5.jpg]
[web-factory.co.kr/public/images/project/adstore-medical/adstore-medical_visual.jpg]
[web-factory.co.kr/public/images/project/adstore-medical/adstore-medical1.jpg]
[web-factory.co.kr/public/images/project/adstore-medical/adstore_logo.png]
[web-factory.co.kr/public/images/project/adstore-medical/adstore-medical2.jpg]
[web-factory.co.kr/public/images/project/adstore-medical/adstore-medical3.jpg]
[web-factory.co.kr/project/detail/adstore-medical.html]
[web-factory.co.kr/public/images/common/arrow-up3.svg]
[web-factory.co.kr/public/images/project/smid/simd_visual.jpg]
[web-factory.co.kr/public/images/project/smid/smid1.jpg]
[web-factory.co.kr/public/images/project/smid/smid2.jpg]
[web-factory.co.kr/public/images/project/smid/smid3.jpg]
[web-factory.co.kr/public/images/project/smid/smid5.jpg]
[web-factory.co.kr/public/images/project/mbcwedding/mbcwedding_visual.jpg]
[web-factory.co.kr/public/images/project/mbcwedding/mbcwedding1.jpg]
[web-factory.co.kr/public/images/project/mbcwedding/mbcwedding_logo.svg]
[web-factory.co.kr/public/images/project/mbcwedding/mbcwedding2.jpg]
[web-factory.co.kr/public/images/project/mbcwedding/mbcwedding3.jpg]
[web-factory.co.kr/public/images/project/mbcwedding/mbcwedding4.jpg]
[web-factory.co.kr/public/images/project/pkclubassociation/pkclubassociation_visual.jpg]
[web-factory.co.kr/public/images/project/pkclubassociation/pkclubassociation1.jpg]
[web-factory.co.kr/public/images/project/pkclubassociation/pkclubassociation2.jpg]
[web-factory.co.kr/public/images/project/pkclubassociation/pkclubassociation4.jpg]
[web-factory.co.kr/public/images/project/ltoplan/ltoplan1.jpg]
[web-factory.co.kr/public/images/project/ltoplan/ltoplan_logo.svg]
[web-factory.co.kr/public/images/project/ltoplan/ltoplan2.jpg]
[web-factory.co.kr/public/images/project/ltoplan/ltoplan3.jpg]
[web-factory.co.kr/public/images/project/ltoplan/ltoplan4.jpg]
[web-factory.co.kr/public/images/project/ltoplan/ltoplan5.jpg]
[web-factory.co.kr/public/images/project/narafire/narafire_visual.jpg]
[web-factory.co.kr/public/images/project/narafire/narafire1.jpg]
[web-factory.co.kr/public/images/project/narafire/narafire2.jpg]
[web-factory.co.kr/public/images/project/narafire/narafire4.jpg]
[web-factory.co.kr/public/images/project/narafire/narafire5.jpg]
[web-factory.co.kr/public/images/project/series/series_visual.jpg]
[web-factory.co.kr/public/images/project/series/series1.jpg]
[web-factory.co.kr/public/images/project/series/series-logo.svg]
[web-factory.co.kr/public/images/project/series/series2.jpg]
[web-factory.co.kr/public/images/project/adstore/adstore_visual.jpg]
[web-factory.co.kr/public/images/project/adstore/adstore1.jpg]
[web-factory.co.kr/public/images/project/adstore/adstore2.jpg]
[web-factory.co.kr/public/images/project/adstore/adstore3.jpg]
[web-factory.co.kr/public/images/project/adstore/adstore4.jpg]
[web-factory.co.kr/public/images/project/adstore/adstore5.jpg]
[web-factory.co.kr/public/images/project/jldessertbar/jldessertbar_visual.jpg]
[web-factory.co.kr/public/images/project/jldessertbar/jldessertbar1.jpg]
[web-factory.co.kr/public/images/project/jldessertbar/jldessertbar_logo.svg]
[web-factory.co.kr/public/images/project/jldessertbar/jldessertbar2.jpg]
[web-factory.co.kr/public/images/project/jldessertbar/jldessertbar3.jpg]
[web-factory.co.kr/public/images/project/jldessertbar/jldessertbar5.jpg]
[web-factory.co.kr/public/jquery/grid/base.css]
[web-factory.co.kr/public/images/project/denve/denve_visual.jpg]
[web-factory.co.kr/public/images/project/denve/denve1.jpg]
[web-factory.co.kr/public/images/project/denve/denve2.jpg]
[web-factory.co.kr/public/images/project/denve/denve3.jpg]
[web-factory.co.kr/public/images/project/denve/denve4.jpg]
[web-factory.co.kr/project/detail/denve.html]
[web-factory.co.kr/public/images/project/lapelo/lapelo_visual.jpg]
[web-factory.co.kr/public/images/project/lapelo/lapelo1.jpg]
[web-factory.co.kr/public/images/project/lapelo/lapelo2.jpg]
[web-factory.co.kr/public/images/project/lapelo/lapelo3.jpg]
[web-factory.co.kr/public/images/project/lapelo/lapelo4.jpg]
[web-factory.co.kr/public/images/project/lapelo/lapelo5.jpg]
[web-factory.co.kr/project/detail/lapelo.html]
[web-factory.co.kr/public/images/project/ghfire119/ghfire_visual.jpg]
[web-factory.co.kr/public/images/project/ghfire119/ghfire1.jpg]
[web-factory.co.kr/public/images/project/ghfire119/ghfire2.jpg]
[web-factory.co.kr/public/images/project/ghfire119/ghfire3.jpg]
[web-factory.co.kr/public/images/project/ghfire119/ghfire4.jpg]
[web-factory.co.kr/public/images/project/ghfire119/ghfire5.jpg]
[web-factory.co.kr/project/detail/ghfire119.html]
[web-factory.co.kr/public/images/project/halbuya/halbuya_visual.jpg]
[web-factory.co.kr/public/images/project/halbuya/halbuya1.jpg]
[web-factory.co.kr/public/images/project/halbuya/halbuya2.jpg]
[web-factory.co.kr/public/images/project/halbuya/halbuya3.jpg]
[web-factory.co.kr/public/images/project/halbuya/halbuya4.jpg]
[web-factory.co.kr/public/images/project/halbuya/halbuya5.jpg]
[web-factory.co.kr/project/detail/halbuya.html]
[web-factory.co.kr/public/images/project/dancolee/dancolee_visual.jpg]
[web-factory.co.kr/public/images/project/dancolee/dancolee1.jpg]
[web-factory.co.kr/public/images/project/dancolee/dancolee2.jpg]
[web-factory.co.kr/public/images/project/dancolee/dancolee3.jpg]
[web-factory.co.kr/public/images/project/dancolee/dancolee4.jpg]
[web-factory.co.kr/public/images/project/dancolee/dancolee5.jpg]
[web-factory.co.kr/project/detail/dancolee.html]
[web-factory.co.kr/public/images/project/klnetworks/klnetworks_visual.jpg]
[web-factory.co.kr/public/images/project/klnetworks/klnetworks1.jpg]
[web-factory.co.kr/public/images/project/klnetworks/klnetworks2.jpg]
[web-factory.co.kr/public/images/project/klnetworks/klnetworks3.jpg]
[web-factory.co.kr/public/images/project/klnetworks/klnetworks4.jpg]
[web-factory.co.kr/public/images/project/klnetworks/klnetworks5.jpg]
[web-factory.co.kr/project/detail/klnetworks.html]
[web-factory.co.kr/views/project/output/css/portfolio.css]
[web-factory.co.kr/views/project/output/images/thumnail/knmm.jpg]
[web-factory.co.kr/views/project/output/images/sian/knmm.jpg]
[web-factory.co.kr/project/view/knmm.html]
[web-factory.co.kr/views/project/output/images/portfolio/icon_arrow.svg]
[web-factory.co.kr/views/project/output/images/sian/woongsang.jpg]
[web-factory.co.kr/project/view/woongsang.html]
[web-factory.co.kr/views/project/output/images/sian/samsal.jpg]
[web-factory.co.kr/project/view/samsal.html]
[web-factory.co.kr/views/project/output/images/sian/instacube.jpg]
[web-factory.co.kr/project/view/instacube.html]
[web-factory.co.kr/views/project/output/images/sian/sinki.jpg]
[web-factory.co.kr/project/view/sinki.html]
[web-factory.co.kr/views/project/output/images/thumnail/dongyang.jpg]
[web-factory.co.kr/views/project/output/images/sian/dongyang.jpg]
[web-factory.co.kr/project/view/dongyang.html]
[web-factory.co.kr/views/project/output/images/thumnail/jaeho.jpg]
[web-factory.co.kr/views/project/output/images/sian/jaeho.jpg]
[web-factory.co.kr/project/view/jaeho.html]
[web-factory.co.kr/views/project/output/images/sian/lawfirmjoo.jpg]
[web-factory.co.kr/project/view/lawfirmjoo.html]
[web-factory.co.kr/views/project/output/images/thumnail/dasom.jpg]
[web-factory.co.kr/views/project/output/images/sian/dasom.jpg]
[web-factory.co.kr/project/view/dasom.html]
[web-factory.co.kr/views/project/output/images/thumnail/rohas.jpg]
[web-factory.co.kr/views/project/output/images/sian/rohas.jpg]
[web-factory.co.kr/project/view/rohas.html]
[web-factory.co.kr/views/project/output/images/sian/artmalling.jpg]
[web-factory.co.kr/project/view/artmalling.html]
[web-factory.co.kr/views/project/output/images/sian/rencompany1.jpg]
[web-factory.co.kr/views/project/output/images/sian/rencompany2.jpg]
[web-factory.co.kr/project/view/rencompany.html]
[web-factory.co.kr/views/project/output/images/sian/moonbowl.jpg]
[web-factory.co.kr/project/view/moonbowl.html]
[web-factory.co.kr/views/project/output/images/sian/emeryville.jpg]
[web-factory.co.kr/project/view/emeryville.html]
[web-factory.co.kr/views/project/output/images/sian/moonhill.jpg]
[web-factory.co.kr/project/view/moonhill.html]
[web-factory.co.kr/views/project/output/images/sian/elyon.jpg]
[web-factory.co.kr/project/view/elyon.html]
[web-factory.co.kr/views/project/output/images/sian/ricaholdings.jpg]
[web-factory.co.kr/project/view/ricaholdings.html]
[web-factory.co.kr/views/project/output/images/thumnail/youngjin.jpg]
[web-factory.co.kr/views/project/output/images/sian/youngjin.jpg]
[web-factory.co.kr/project/view/youngjin.html]
[web-factory.co.kr/views/project/output/images/sian/eson.jpg]
[web-factory.co.kr/project/view/eson.html]
[web-factory.co.kr/views/project/output/images/sian/adcompany.jpg]
[web-factory.co.kr/project/view/adcompany.html]
[web-factory.co.kr/views/project/output/images/thumnail/yegacompany.jpg]
[web-factory.co.kr/views/project/output/images/sian/yegacompany.jpg]
[web-factory.co.kr/project/view/yegacompany.html]
[web-factory.co.kr/views/project/output/images/sian/smartbrain.jpg]
[web-factory.co.kr/project/view/smartbrain.html]
[web-factory.co.kr/views/project/output/images/sian/couple.jpg]
[web-factory.co.kr/project/view/couple.html]
[web-factory.co.kr/views/project/output/images/sian/b2bjoinkorea.jpg]
[web-factory.co.kr/project/view/b2bjoinkorea.html]
[web-factory.co.kr/views/project/output/images/sian/365medical.jpg]
[web-factory.co.kr/project/view/365medical.html]
[web-factory.co.kr/views/project/output/images/sian/boowon.jpg]
[web-factory.co.kr/project/view/boowondeco.html]
[web-factory.co.kr/public/images/project/ntcenm/ntcenm_visual.jpg]
[web-factory.co.kr/public/images/project/ntcenm/ntcenm1.jpg]
[web-factory.co.kr/public/images/project/ntcenm/ntcenm2.jpg]
[web-factory.co.kr/public/images/project/ntcenm/ntcenm5.jpg]
[web-factory.co.kr/public/images/project/adstore-medical/adstore-medical_visual.jpg]
[web-factory.co.kr/public/images/project/adstore-medical/adstore-medical1.jpg]
[web-factory.co.kr/public/images/project/adstore-medical/adstore-medical2.jpg]
[web-factory.co.kr/public/images/project/adstore-medical/adstore-medical3.jpg]
[web-factory.co.kr/public/images/project/smid/smid1.jpg]
[web-factory.co.kr/public/images/project/smid/smid2.jpg]
[web-factory.co.kr/public/images/project/mbcwedding/mbcwedding_visual.jpg]
[web-factory.co.kr/public/images/project/mbcwedding/mbcwedding1.jpg]
[web-factory.co.kr/public/images/project/mbcwedding/mbcwedding2.jpg]
[web-factory.co.kr/public/images/project/mbcwedding/mbcwedding3.jpg]
[web-factory.co.kr/public/images/project/mbcwedding/mbcwedding4.jpg]
[web-factory.co.kr/public/images/project/pkclubassociation/pkclubassociation_visual.jpg]
[web-factory.co.kr/public/images/project/pkclubassociation/pkclubassociation1.jpg]
[web-factory.co.kr/public/images/project/ltoplan/ltoplan1.jpg]
[web-factory.co.kr/public/images/project/ltoplan/ltoplan2.jpg]
[web-factory.co.kr/public/images/project/ltoplan/ltoplan5.jpg]
[web-factory.co.kr/public/images/project/narafire/narafire_visual.jpg]
[web-factory.co.kr/public/images/project/narafire/narafire1.jpg]
[web-factory.co.kr/public/images/project/series/series_visual.jpg]
[web-factory.co.kr/public/images/project/series/series2.jpg]
[web-factory.co.kr/public/images/project/adstore/adstore_visual.jpg]
[web-factory.co.kr/public/images/project/adstore/adstore1.jpg]
[web-factory.co.kr/public/images/project/adstore/adstore2.jpg]
[web-factory.co.kr/public/images/project/adstore/adstore5.jpg]
[web-factory.co.kr/public/images/project/jldessertbar/jldessertbar_visual.jpg]
[web-factory.co.kr/public/images/project/jldessertbar/jldessertbar1.jpg]
[web-factory.co.kr/public/images/project/jldessertbar/jldessertbar2.jpg]
[web-factory.co.kr/public/images/project/jldessertbar/jldessertbar3.jpg]
[web-factory.co.kr/public/images/project/jldessertbar/jldessertbar5.jpg]
[web-factory.co.kr/public/images/project/denve/denve_visual.jpg]
[web-factory.co.kr/public/images/project/denve/denve1.jpg]
[web-factory.co.kr/public/images/project/denve/denve_logo.svg]
[web-factory.co.kr/public/images/project/denve/denve2.jpg]
[web-factory.co.kr/public/images/project/denve/denve3.jpg]
[web-factory.co.kr/public/images/project/denve/denve4.jpg]
[web-factory.co.kr/public/images/project/lapelo/lapelo_visual.jpg]
[web-factory.co.kr/public/images/project/lapelo/lapelo1.jpg]
[web-factory.co.kr/public/images/project/lapelo/lapelo_logo.svg]
[web-factory.co.kr/public/images/project/lapelo/lapelo2.jpg]
[web-factory.co.kr/public/images/project/lapelo/lapelo4.jpg]
[web-factory.co.kr/public/images/project/lapelo/lapelo5.jpg]
[web-factory.co.kr/public/images/project/ghfire119/ghfire_visual.jpg]
[web-factory.co.kr/public/images/project/ghfire119/ghfire_logo.svg]
[web-factory.co.kr/public/images/project/ghfire119/ghfire1.jpg]
[web-factory.co.kr/public/images/project/ghfire119/ghfire2.jpg]
[web-factory.co.kr/public/images/project/ghfire119/ghfire3.jpg]
[web-factory.co.kr/public/images/project/ghfire119/ghfire4.jpg]
[web-factory.co.kr/public/images/project/ghfire119/ghfire5.jpg]
[web-factory.co.kr/public/images/project/halbuya/halbuya_visual.jpg]
[web-factory.co.kr/public/images/project/halbuya/halbuya1.jpg]
[web-factory.co.kr/public/images/project/halbuya/halbuya_logo.svg]
[web-factory.co.kr/public/images/project/halbuya/halbuya2.jpg]
[web-factory.co.kr/public/images/project/halbuya/halbuya3.jpg]
[web-factory.co.kr/public/images/project/halbuya/halbuya4.jpg]
[web-factory.co.kr/public/images/project/halbuya/halbuya5.jpg]
[web-factory.co.kr/public/images/project/dancolee/dancolee_visual.jpg]
[web-factory.co.kr/public/images/project/dancolee/dancolee1.jpg]
[web-factory.co.kr/public/images/project/dancolee/dancolee_logo.svg]
[web-factory.co.kr/public/images/project/dancolee/dancolee2.jpg]
[web-factory.co.kr/public/images/project/dancolee/dancolee3.jpg]
[web-factory.co.kr/public/images/project/dancolee/dancolee4.jpg]
[web-factory.co.kr/public/images/project/dancolee/dancolee5.jpg]
[web-factory.co.kr/public/images/project/klnetworks/klnetworks_visual.jpg]
[web-factory.co.kr/public/images/project/klnetworks/klnetworks1.jpg]
[web-factory.co.kr/public/images/project/klnetworks/klnetworks_logo.svg]
[web-factory.co.kr/public/images/project/klnetworks/klnetworks2.jpg]
[web-factory.co.kr/public/images/project/klnetworks/klnetworks3.jpg]
[web-factory.co.kr/public/images/project/klnetworks/klnetworks4.jpg]
[web-factory.co.kr/public/images/project/klnetworks/klnetworks5.jpg]
[web-factory.co.kr/public/images/common/logo.svg]
[web-factory.co.kr/views/project/output/images/sian/knmm.jpg]
[web-factory.co.kr/views/project/output/images/sian/woongsang.jpg]
[web-factory.co.kr/views/project/output/images/sian/samsal.jpg]
[web-factory.co.kr/views/project/output/images/sian/instacube.jpg]
[web-factory.co.kr/views/project/output/images/sian/sinki.jpg]
[web-factory.co.kr/views/project/output/images/sian/dongyang.jpg]
[web-factory.co.kr/views/project/output/images/sian/jaeho.jpg]
[web-factory.co.kr/views/project/output/images/sian/lawfirmjoo.jpg]
[web-factory.co.kr/views/project/output/images/sian/dasom.jpg]
[web-factory.co.kr/views/project/output/images/sian/rohas.jpg]
[web-factory.co.kr/views/project/output/images/sian/artmalling.jpg]
[web-factory.co.kr/views/project/output/images/sian/rencompany1.jpg]
[web-factory.co.kr/views/project/output/images/sian/rencompany2.jpg]
[web-factory.co.kr/views/project/output/images/sian/moonbowl.jpg]
[web-factory.co.kr/views/project/output/images/sian/emeryville.jpg]
[web-factory.co.kr/views/project/output/images/sian/moonhill.jpg]
[web-factory.co.kr/views/project/output/images/sian/elyon.jpg]
[web-factory.co.kr/views/project/output/images/sian/ricaholdings.jpg]
[web-factory.co.kr/views/project/output/images/sian/youngjin.jpg]
[web-factory.co.kr/views/project/output/images/sian/eson.jpg]
[web-factory.co.kr/views/project/output/images/sian/adcompany.jpg]
[web-factory.co.kr/views/project/output/images/sian/yegacompany.jpg]
[web-factory.co.kr/views/project/output/images/sian/smartbrain.jpg]
[web-factory.co.kr/views/project/output/images/sian/couple.jpg]
[web-factory.co.kr/views/project/output/images/sian/b2bjoinkorea.jpg]
[web-factory.co.kr/views/project/output/images/sian/365medical.jpg]
[web-factory.co.kr/views/project/output/images/sian/boowon.jpg]
[web-factory.co.kr/public/images/project/adstore-medical/adstore-medical1.jpg]
[web-factory.co.kr/public/images/project/adstore-medical/adstore-medical3.jpg]
[web-factory.co.kr/public/images/project/denve/denve_visual.jpg]
[web-factory.co.kr/public/images/project/denve/denve1.jpg]
[web-factory.co.kr/public/images/project/denve/denve3.jpg]
[web-factory.co.kr/public/images/project/denve/denve4.jpg]
[web-factory.co.kr/public/images/project/lapelo/lapelo_visual.jpg]
[web-factory.co.kr/public/images/project/lapelo/lapelo1.jpg]
[web-factory.co.kr/public/images/project/lapelo/lapelo2.jpg]
[web-factory.co.kr/public/images/project/lapelo/lapelo4.jpg]
[web-factory.co.kr/public/images/project/ghfire119/ghfire_visual.jpg]
[web-factory.co.kr/public/images/project/ghfire119/ghfire1.jpg]
[web-factory.co.kr/public/images/project/ghfire119/ghfire2.jpg]
[web-factory.co.kr/public/images/project/ghfire119/ghfire3.jpg]
[web-factory.co.kr/public/images/project/ghfire119/ghfire4.jpg]
[web-factory.co.kr/public/images/project/ghfire119/ghfire5.jpg]
[web-factory.co.kr/public/images/project/halbuya/halbuya_visual.jpg]
[web-factory.co.kr/public/images/project/halbuya/halbuya1.jpg]
[web-factory.co.kr/public/images/project/halbuya/halbuya3.jpg]
[web-factory.co.kr/public/images/project/dancolee/dancolee1.jpg]
[web-factory.co.kr/public/images/project/dancolee/dancolee2.jpg]
[web-factory.co.kr/public/images/project/dancolee/dancolee5.jpg]
[web-factory.co.kr/public/images/project/klnetworks/klnetworks_visual.jpg]
[web-factory.co.kr/public/images/project/klnetworks/klnetworks1.jpg]
[web-factory.co.kr/public/images/project/klnetworks/klnetworks2.jpg]
[web-factory.co.kr/public/images/project/klnetworks/klnetworks3.jpg]
[web-factory.co.kr/public/images/project/klnetworks/klnetworks4.jpg]
[web-factory.co.kr/public/images/project/klnetworks/klnetworks5.jpg]
[web-factory.co.kr/views/project/output/images/sian/knmm.jpg]
[web-factory.co.kr/views/project/output/images/sian/samsal.jpg]
[web-factory.co.kr/views/project/output/images/sian/instacube.jpg]
[web-factory.co.kr/views/project/output/images/sian/sinki.jpg]
[web-factory.co.kr/views/project/output/images/sian/dongyang.jpg]
[web-factory.co.kr/views/project/output/images/sian/jaeho.jpg]
[web-factory.co.kr/views/project/output/images/sian/lawfirmjoo.jpg]
[web-factory.co.kr/views/project/output/images/sian/dasom.jpg]
[web-factory.co.kr/views/project/output/images/sian/rohas.jpg]
[web-factory.co.kr/views/project/output/images/sian/artmalling.jpg]
[web-factory.co.kr/views/project/output/images/sian/rencompany2.jpg]
[web-factory.co.kr/views/project/output/images/sian/moonbowl.jpg]
[web-factory.co.kr/views/project/output/images/sian/emeryville.jpg]
[web-factory.co.kr/views/project/output/images/sian/moonhill.jpg]
[web-factory.co.kr/views/project/output/images/sian/elyon.jpg]
[web-factory.co.kr/views/project/output/images/sian/ricaholdings.jpg]
[web-factory.co.kr/views/project/output/images/sian/youngjin.jpg]
[web-factory.co.kr/views/project/output/images/sian/eson.jpg]
[web-factory.co.kr/views/project/output/images/sian/adcompany.jpg]
[web-factory.co.kr/views/project/output/images/sian/yegacompany.jpg]
[web-factory.co.kr/views/project/output/images/sian/smartbrain.jpg]
[web-factory.co.kr/views/project/output/images/sian/couple.jpg]
[web-factory.co.kr/views/project/output/images/sian/b2bjoinkorea.jpg]
[web-factory.co.kr/views/project/output/images/sian/365medical.jpg]
[web-factory.co.kr/views/project/output/images/sian/boowon.jpg]
